#-----------------------------------------------------------
# Vivado v2025.1 (64-bit)
# SW Build 6140274 on Thu May 22 00:12:29 MDT 2025
# IP Build 6138677 on Thu May 22 03:10:11 MDT 2025
# SharedData Build 6139179 on Tue May 20 17:58:58 MDT 2025
# Start of session at: Tue Dec 30 13:25:06 2025
# Process ID         : 26012
# Current directory  : C:/Users/user/Basys 3 Project Files/dac_output
# Command line       : vivado.exe -gui_launcher_event rodinguilauncherevent15952 C:\Users\user\Basys 3 Project Files\dac_output\dac_output.xpr
# Log file           : C:/Users/user/Basys 3 Project Files/dac_output/vivado.log
# Journal file       : C:/Users/user/Basys 3 Project Files/dac_output\vivado.jou
# Running On         : LAPTOP-DSFFK1DP
# Platform           : Windows Server 2016 or Windows 10
# Operating System   : 26200
# Processor Detail   : 11th Gen Intel(R) Core(TM) i5-1135G7 @ 2.40GHz
# CPU Frequency      : 2419 MHz
# CPU Physical cores : 4
# CPU Logical cores  : 8
# Host memory        : 16859 MB
# Swap memory        : 12884 MB
# Total Virtual      : 29744 MB
# Available Virtual  : 7761 MB
#-----------------------------------------------------------
start_gui
open_project {C:/Users/user/Basys 3 Project Files/dac_output/dac_output.xpr}
